C51 COMPILER V9.54   MAIN                                                                  08/12/2019 23:24:28 PAGE 1   


C51 COMPILER V9.54, COMPILATION OF MODULE MAIN
OBJECT MODULE PLACED IN .\Objects\main.obj
COMPILER INVOKED BY: D:\keil5\C51\BIN\C51.EXE main.c OPTIMIZE(8,SPEED) BROWSE DEBUG OBJECTEXTEND PRINT(.\Listings\main.l
                    -st) TABS(2) OBJECT(.\Objects\main.obj)

line level    source

   1          #include "reg51.h"
   2          #include "string.h"
   3          #define GPRMC_TERM "$GPRMC,"    //定义要解析的指令，因为这条指令包含定位和时间信息
   4          #define MAX_DATA 68
   5          typedef unsigned int u16;    //对数据类型进行声明定义
   6          typedef unsigned char u8;
   7          
   8          //ToDo:
   9          //    Define a struct to save data better, and use it better.
  10          /*
  11          struct rcvdata  {
  12              char position[];
  13              char 
  14          };
  15          */
  16          
  17          char receiveData[MAX_DATA];
  18          
  19          
  20          
  21          void UsartInit()
  22          {
  23   1          SCON=0X50;          //设置为工作方式1
  24   1          TMOD=0X20;          //设置计数器工作方式2
  25   1          PCON=0X80;          //波特率加倍
  26   1          TH1=0XFA;           //计数器初始值设置，注意波特率是4800的
  27   1          TL1=0XFA;
  28   1          ES=1;               //打开接收中断
  29   1          EA=1;               //打开总中断
  30   1          TR1=1;              //打开计数器
  31   1      }
  32          
  33          
  34          void main()
  35          {
  36   1          UsartInit();  //  串口初始化
  37   1          while(1);
  38   1      }
  39          
  40          void Usart() interrupt 4
  41          {
  42   1          u8 i;
  43   1          char identity[7] = GPRMC_TERM;
  44   1          
  45   1          for (i=0; i<MAX_DATA; i++){
  46   2              receiveData[i] = SBUF;
  47   2              RI = 0;
  48   2          }//内容全接收
  49   1      
  50   1          if (strncmp(identity, receiveData, 7) == 0){ //假如验证位正确
  51   2              while (1){
  52   3                  i++;
  53   3                  if (receiveData[i] != '\n'){
  54   4                      SBUF = receiveData[i];
C51 COMPILER V9.54   MAIN                                                                  08/12/2019 23:24:28 PAGE 2   

  55   4                      while(!TI);
  56   4                      TI=0;
  57   4                  }else{
  58   4                      break;
  59   4                  }
  60   3              }
  61   2          }
  62   1      }
  63          
  64          
  65          /*  GPS显示示例:
  66                  $GPRMC,115418.00,V,,,,,,,120819,,,N*76
  67                  $GPVTG,,,,,,,,,N*30
  68                  $GPGGA,115418.00,,,,,0,03,4.01,,,,,,*58
  69                  $GPGSA,A,1,13,24,21,,,,,,,,,,4.14,4.01,1.00*02
  70                  $GPGSV,1,1,03,13,09,052,26,21,61,261,27,24,73,099,34*43
  71                  $GPGLL,,,,,115418.00,V,N*42
  72          * */


MODULE INFORMATION:   STATIC OVERLAYABLE
   CODE SIZE        =    170    ----
   CONSTANT SIZE    =      7    ----
   XDATA SIZE       =   ----    ----
   PDATA SIZE       =   ----    ----
   DATA SIZE        =     68       8
   IDATA SIZE       =   ----    ----
   BIT SIZE         =   ----    ----
END OF MODULE INFORMATION.


C51 COMPILATION COMPLETE.  0 WARNING(S),  0 ERROR(S)
